> read Expr.g4
> parse
> generate e
Microsoft (R) Build Engine version 16.8.0+126527ff1 for .NET
Copyright (C) Microsoft Corporation. All rights reserved.

  Determining projects to restore...
  Restored C:\Users\kenne\Documents\AntlrVSIX\Trash\test\Generated\Test.csproj (in 1.72 sec).
  Test -> C:\Users\kenne\Documents\AntlrVSIX\Trash\test\Generated\bin\Debug\netcoreapp3.1\Test.dll

Build succeeded.
    0 Warning(s)
    0 Error(s)

Time Elapsed 00:00:06.47


> echo "1+2*3+4/5*6/7-8/9++10/-11" | run | dot
digraph G {
Node32057793 [label="e"];
Node20084682 [label="e"];
Node46544415 [label="e"];
Node16246551 [label="e"];
Node12001237 [label="e"];
Node40902273 [label="a"];
Node32576140 [label="1"];
Node24749807 [label="+"];
Node21421675 [label="e"];
Node58577354 [label="e"];
Node57434139 [label="a"];
Node47145209 [label="2"];
Node21653700 [label="*"];
Node60665573 [label="e"];
Node9119245 [label="a"];
Node14964341 [label="3"];
Node461342 [label="+"];
Node4152081 [label="e"];
Node37368736 [label="e"];
Node774306 [label="e"];
Node6968762 [label="e"];
Node62718864 [label="a"];
Node27598869 [label="4"];
Node47063234 [label="/"];
Node20915929 [label="e"];
Node54025633 [label="a"];
Node16468652 [label="5"];
Node14000148 [label="*"];
Node58892473 [label="e"];
Node60270212 [label="a"];
Node5560998 [label="6"];
Node50048984 [label="/"];
Node47787675 [label="e"];
Node27435897 [label="a"];
Node45596481 [label="7"];
Node7715150 [label="-"];
Node2327487 [label="e"];
Node20947391 [label="e"];
Node54308798 [label="a"];
Node19017142 [label="8"];
Node36936550 [label="/"];
Node63993496 [label="e"];
Node39070558 [label="a"];
Node16090703 [label="9"];
Node10598606 [label="+"];
Node28278595 [label="e"];
Node53180767 [label="e"];
Node8864859 [label="+"];
Node12674872 [label="a"];
Node46964992 [label="10"];
Node20031746 [label="/"];
Node46067993 [label="e"];
Node11958757 [label="-"];
Node40519951 [label="a"];
Node29135240 [label="11"];
Node32057793 -> Node20084682;
Node32057793 -> Node10598606;
Node32057793 -> Node28278595;
Node28278595 -> Node53180767;
Node28278595 -> Node20031746;
Node28278595 -> Node46067993;
Node46067993 -> Node11958757;
Node46067993 -> Node40519951;
Node40519951 -> Node29135240;
Node53180767 -> Node8864859;
Node53180767 -> Node12674872;
Node12674872 -> Node46964992;
Node20084682 -> Node46544415;
Node20084682 -> Node7715150;
Node20084682 -> Node2327487;
Node2327487 -> Node20947391;
Node2327487 -> Node36936550;
Node2327487 -> Node63993496;
Node63993496 -> Node39070558;
Node39070558 -> Node16090703;
Node20947391 -> Node54308798;
Node54308798 -> Node19017142;
Node46544415 -> Node16246551;
Node46544415 -> Node461342;
Node46544415 -> Node4152081;
Node4152081 -> Node37368736;
Node4152081 -> Node50048984;
Node4152081 -> Node47787675;
Node47787675 -> Node27435897;
Node27435897 -> Node45596481;
Node37368736 -> Node774306;
Node37368736 -> Node14000148;
Node37368736 -> Node58892473;
Node58892473 -> Node60270212;
Node60270212 -> Node5560998;
Node774306 -> Node6968762;
Node774306 -> Node47063234;
Node774306 -> Node20915929;
Node20915929 -> Node54025633;
Node54025633 -> Node16468652;
Node6968762 -> Node62718864;
Node62718864 -> Node27598869;
Node16246551 -> Node12001237;
Node16246551 -> Node24749807;
Node16246551 -> Node21421675;
Node21421675 -> Node58577354;
Node21421675 -> Node21653700;
Node21421675 -> Node60665573;
Node60665573 -> Node9119245;
Node9119245 -> Node14964341;
Node58577354 -> Node57434139;
Node57434139 -> Node47145209;
Node12001237 -> Node40902273;
Node40902273 -> Node32576140;
}

> quit
Bye!
