> read Fold.g4
> parse
> print
grammar A;
s : a ;
a : e ( ';' e )+ ;
e : e '*' e | INT ;
SEMI : ';' ;
MUL : '*' ;
INT : [0-9]+ ;
WS : [ \t\n]+ -> skip ;

> unfold "//parserRuleSpec//labeledAlt//RULE_REF[text()='a']"
> print
grammar A;
s : ( e ( ';' e )+ ) ;
a : e ( ';' e )+ ;
e : e '*' e | INT ;
SEMI : ';' ;
MUL : '*' ;
INT : [0-9]+ ;
WS : [ \t\n]+ -> skip ;

> quit
Bye!
